Archive member included because of file (symbol)

c:/users/lenovo.sxm10/desktop/amit/sdk_win_64/sdk_win_64/winavr/bin/../lib/gcc/avr/4.3.3/avr5\libgcc.a(_mulsi3.o)
                              ./MCAL/Timer/Timer_Prog.o (__mulsi3)
c:/users/lenovo.sxm10/desktop/amit/sdk_win_64/sdk_win_64/winavr/bin/../lib/gcc/avr/4.3.3/avr5\libgcc.a(_udivmodqi4.o)
                              ./MCAL/DIO/DIO_Prog.o (__udivmodqi4)
c:/users/lenovo.sxm10/desktop/amit/sdk_win_64/sdk_win_64/winavr/bin/../lib/gcc/avr/4.3.3/avr5\libgcc.a(_udivmodsi4.o)
                              ./MCAL/Timer/Timer_Prog.o (__udivmodsi4)
c:/users/lenovo.sxm10/desktop/amit/sdk_win_64/sdk_win_64/winavr/bin/../lib/gcc/avr/4.3.3/avr5\libgcc.a(_divmodsi4.o)
                              ./MCAL/Timer/Timer_Prog.o (__divmodsi4)
c:/users/lenovo.sxm10/desktop/amit/sdk_win_64/sdk_win_64/winavr/bin/../lib/gcc/avr/4.3.3/avr5\libgcc.a(_exit.o)
                              c:/users/lenovo.sxm10/desktop/amit/sdk_win_64/sdk_win_64/winavr/bin/../lib/gcc/avr/4.3.3/../../../../avr/lib/avr5/crtm32.o (exit)
c:/users/lenovo.sxm10/desktop/amit/sdk_win_64/sdk_win_64/winavr/bin/../lib/gcc/avr/4.3.3/avr5\libgcc.a(_clear_bss.o)
                              ./MCAL/Timer/Timer_Prog.o (__do_clear_bss)
c:/users/lenovo.sxm10/desktop/amit/sdk_win_64/sdk_win_64/winavr/bin/../lib/gcc/avr/4.3.3/avr5\libgcc.a(_fixunssfsi.o)
                              ./MCAL/Timer/Timer_Prog.o (__fixunssfsi)
c:/users/lenovo.sxm10/desktop/amit/sdk_win_64/sdk_win_64/winavr/bin/../lib/gcc/avr/4.3.3/avr5\libgcc.a(_addsub_sf.o)
                              ./MCAL/Timer/Timer_Prog.o (__subsf3)
c:/users/lenovo.sxm10/desktop/amit/sdk_win_64/sdk_win_64/winavr/bin/../lib/gcc/avr/4.3.3/avr5\libgcc.a(_mul_sf.o)
                              ./MCAL/Timer/Timer_Prog.o (__mulsf3)
c:/users/lenovo.sxm10/desktop/amit/sdk_win_64/sdk_win_64/winavr/bin/../lib/gcc/avr/4.3.3/avr5\libgcc.a(_div_sf.o)
                              ./MCAL/Timer/Timer_Prog.o (__divsf3)
c:/users/lenovo.sxm10/desktop/amit/sdk_win_64/sdk_win_64/winavr/bin/../lib/gcc/avr/4.3.3/avr5\libgcc.a(_eq_sf.o)
                              ./MCAL/Timer/Timer_Prog.o (__eqsf2)
c:/users/lenovo.sxm10/desktop/amit/sdk_win_64/sdk_win_64/winavr/bin/../lib/gcc/avr/4.3.3/avr5\libgcc.a(_ge_sf.o)
                              c:/users/lenovo.sxm10/desktop/amit/sdk_win_64/sdk_win_64/winavr/bin/../lib/gcc/avr/4.3.3/avr5\libgcc.a(_fixunssfsi.o) (__gesf2)
c:/users/lenovo.sxm10/desktop/amit/sdk_win_64/sdk_win_64/winavr/bin/../lib/gcc/avr/4.3.3/avr5\libgcc.a(_sf_to_si.o)
                              c:/users/lenovo.sxm10/desktop/amit/sdk_win_64/sdk_win_64/winavr/bin/../lib/gcc/avr/4.3.3/avr5\libgcc.a(_fixunssfsi.o) (__fixsfsi)
c:/users/lenovo.sxm10/desktop/amit/sdk_win_64/sdk_win_64/winavr/bin/../lib/gcc/avr/4.3.3/avr5\libgcc.a(_thenan_sf.o)
                              c:/users/lenovo.sxm10/desktop/amit/sdk_win_64/sdk_win_64/winavr/bin/../lib/gcc/avr/4.3.3/avr5\libgcc.a(_addsub_sf.o) (__thenan_sf)
c:/users/lenovo.sxm10/desktop/amit/sdk_win_64/sdk_win_64/winavr/bin/../lib/gcc/avr/4.3.3/avr5\libgcc.a(_usi_to_sf.o)
                              ./MCAL/Timer/Timer_Prog.o (__floatunsisf)
c:/users/lenovo.sxm10/desktop/amit/sdk_win_64/sdk_win_64/winavr/bin/../lib/gcc/avr/4.3.3/avr5\libgcc.a(_prologue.o)
                              c:/users/lenovo.sxm10/desktop/amit/sdk_win_64/sdk_win_64/winavr/bin/../lib/gcc/avr/4.3.3/avr5\libgcc.a(_addsub_sf.o) (__prologue_saves__)
c:/users/lenovo.sxm10/desktop/amit/sdk_win_64/sdk_win_64/winavr/bin/../lib/gcc/avr/4.3.3/avr5\libgcc.a(_epilogue.o)
                              c:/users/lenovo.sxm10/desktop/amit/sdk_win_64/sdk_win_64/winavr/bin/../lib/gcc/avr/4.3.3/avr5\libgcc.a(_addsub_sf.o) (__epilogue_restores__)
c:/users/lenovo.sxm10/desktop/amit/sdk_win_64/sdk_win_64/winavr/bin/../lib/gcc/avr/4.3.3/avr5\libgcc.a(_copy_data.o)
                              c:/users/lenovo.sxm10/desktop/amit/sdk_win_64/sdk_win_64/winavr/bin/../lib/gcc/avr/4.3.3/avr5\libgcc.a(_thenan_sf.o) (__do_copy_data)
c:/users/lenovo.sxm10/desktop/amit/sdk_win_64/sdk_win_64/winavr/bin/../lib/gcc/avr/4.3.3/avr5\libgcc.a(_clzsi2.o)
                              c:/users/lenovo.sxm10/desktop/amit/sdk_win_64/sdk_win_64/winavr/bin/../lib/gcc/avr/4.3.3/avr5\libgcc.a(_usi_to_sf.o) (__clzsi2)
c:/users/lenovo.sxm10/desktop/amit/sdk_win_64/sdk_win_64/winavr/bin/../lib/gcc/avr/4.3.3/avr5\libgcc.a(_pack_sf.o)
                              c:/users/lenovo.sxm10/desktop/amit/sdk_win_64/sdk_win_64/winavr/bin/../lib/gcc/avr/4.3.3/avr5\libgcc.a(_addsub_sf.o) (__pack_f)
c:/users/lenovo.sxm10/desktop/amit/sdk_win_64/sdk_win_64/winavr/bin/../lib/gcc/avr/4.3.3/avr5\libgcc.a(_unpack_sf.o)
                              c:/users/lenovo.sxm10/desktop/amit/sdk_win_64/sdk_win_64/winavr/bin/../lib/gcc/avr/4.3.3/avr5\libgcc.a(_addsub_sf.o) (__unpack_f)
c:/users/lenovo.sxm10/desktop/amit/sdk_win_64/sdk_win_64/winavr/bin/../lib/gcc/avr/4.3.3/avr5\libgcc.a(_fpcmp_parts_sf.o)
                              c:/users/lenovo.sxm10/desktop/amit/sdk_win_64/sdk_win_64/winavr/bin/../lib/gcc/avr/4.3.3/avr5\libgcc.a(_eq_sf.o) (__fpcmp_parts_f)
c:/users/lenovo.sxm10/desktop/amit/sdk_win_64/sdk_win_64/winavr/bin/../lib/gcc/avr/4.3.3/avr5\libgcc.a(_clz.o)
                              c:/users/lenovo.sxm10/desktop/amit/sdk_win_64/sdk_win_64/winavr/bin/../lib/gcc/avr/4.3.3/avr5\libgcc.a(_clzsi2.o) (__clz_tab)

Allocating common symbols
Common symbol       size              file

Timer2_CallBack     0x2               ./MCAL/Timer/Timer_Prog.o
EXT_INT1_CallBack   0x2               ./MCAL/EXT_INT/EXT_INT_Prog.o
Temprature_Array    0xa               ./APP/main.o
EXT_INT0_CallBack   0x2               ./MCAL/EXT_INT/EXT_INT_Prog.o
Timer1_CallBack     0x2               ./MCAL/Timer/Timer_Prog.o
Timer0_CallBack     0x2               ./MCAL/Timer/Timer_Prog.o

Memory Configuration

Name             Origin             Length             Attributes
text             0x00000000         0x00020000         xr
data             0x00800060         0x0000ffa0         rw !x
eeprom           0x00810000         0x00010000         rw !x
fuse             0x00820000         0x00000400         rw !x
lock             0x00830000         0x00000400         rw !x
signature        0x00840000         0x00000400         rw !x
*default*        0x00000000         0xffffffff

Linker script and memory map

LOAD c:/users/lenovo.sxm10/desktop/amit/sdk_win_64/sdk_win_64/winavr/bin/../lib/gcc/avr/4.3.3/../../../../avr/lib/avr5/crtm32.o
LOAD ./MCAL/WDT/WDT_Prog.o
LOAD ./MCAL/UART/UART_Prog.o
LOAD ./MCAL/Timer/Timer_Prog.o
LOAD ./MCAL/SPI/SPI_Prog.o
LOAD ./MCAL/I2C/I2C_Prog.o
LOAD ./MCAL/GIE/GIE_Prog.o
LOAD ./MCAL/EXT_INT/EXT_INT_Prog.o
LOAD ./MCAL/DIO/DIO_Prog.o
LOAD ./MCAL/ADC/ADC_Prog.o
LOAD ./HAL/SSD/SSD_Prog.o
LOAD ./HAL/PB/PB_Prog.o
LOAD ./HAL/LM35/LM35_Prog.o
LOAD ./HAL/LED/LED_Prog.o
LOAD ./HAL/LCD/LCD_Prog.o
LOAD ./HAL/HeatingElement/HeatingElement_Prog.o
LOAD ./HAL/Fan/Fan_Prog.o
LOAD ./HAL/DCMotor/DCMotor_Prog.o
LOAD ./HAL/AT24C16A/AT24C16A_Prog.o
LOAD ./APP/Projects/Projects.o
LOAD ./APP/main.o
LOAD c:/users/lenovo.sxm10/desktop/amit/sdk_win_64/sdk_win_64/winavr/bin/../lib/gcc/avr/4.3.3/avr5\libgcc.a
LOAD c:/users/lenovo.sxm10/desktop/amit/sdk_win_64/sdk_win_64/winavr/bin/../lib/gcc/avr/4.3.3/../../../../avr/lib/avr5\libc.a
LOAD c:/users/lenovo.sxm10/desktop/amit/sdk_win_64/sdk_win_64/winavr/bin/../lib/gcc/avr/4.3.3/avr5\libgcc.a

.hash
 *(.hash)

.dynsym
 *(.dynsym)

.dynstr
 *(.dynstr)

.gnu.version
 *(.gnu.version)

.gnu.version_d
 *(.gnu.version_d)

.gnu.version_r
 *(.gnu.version_r)

.rel.init
 *(.rel.init)

.rela.init
 *(.rela.init)

.rel.text
 *(.rel.text)
 *(.rel.text.*)
 *(.rel.gnu.linkonce.t*)

.rela.text
 *(.rela.text)
 *(.rela.text.*)
 *(.rela.gnu.linkonce.t*)

.rel.fini
 *(.rel.fini)

.rela.fini
 *(.rela.fini)

.rel.rodata
 *(.rel.rodata)
 *(.rel.rodata.*)
 *(.rel.gnu.linkonce.r*)

.rela.rodata
 *(.rela.rodata)
 *(.rela.rodata.*)
 *(.rela.gnu.linkonce.r*)

.rel.data
 *(.rel.data)
 *(.rel.data.*)
 *(.rel.gnu.linkonce.d*)

.rela.data
 *(.rela.data)
 *(.rela.data.*)
 *(.rela.gnu.linkonce.d*)

.rel.ctors
 *(.rel.ctors)

.rela.ctors
 *(.rela.ctors)

.rel.dtors
 *(.rel.dtors)

.rela.dtors
 *(.rela.dtors)

.rel.got
 *(.rel.got)

.rela.got
 *(.rela.got)

.rel.bss
 *(.rel.bss)

.rela.bss
 *(.rela.bss)

.rel.plt
 *(.rel.plt)

.rela.plt
 *(.rela.plt)

.text           0x00000000     0x2952
 *(.vectors)
 .vectors       0x00000000       0x54 c:/users/lenovo.sxm10/desktop/amit/sdk_win_64/sdk_win_64/winavr/bin/../lib/gcc/avr/4.3.3/../../../../avr/lib/avr5/crtm32.o
                0x00000000                __vectors
                0x00000000                __vector_default
 *(.vectors)
 *(.progmem.gcc*)
 *(.progmem*)
                0x00000054                . = ALIGN (0x2)
                0x00000054                __trampolines_start = .
 *(.trampolines)
 .trampolines   0x00000054        0x0 linker stubs
 *(.trampolines*)
                0x00000054                __trampolines_end = .
 *(.jumptables)
 *(.jumptables*)
 *(.lowtext)
 *(.lowtext*)
                0x00000054                __ctors_start = .
 *(.ctors)
                0x00000054                __ctors_end = .
                0x00000054                __dtors_start = .
 *(.dtors)
                0x00000054                __dtors_end = .
 SORT(*)(.ctors)
 SORT(*)(.dtors)
 *(.init0)
 .init0         0x00000054        0x0 c:/users/lenovo.sxm10/desktop/amit/sdk_win_64/sdk_win_64/winavr/bin/../lib/gcc/avr/4.3.3/../../../../avr/lib/avr5/crtm32.o
                0x00000054                __init
 *(.init0)
 *(.init1)
 *(.init1)
 *(.init2)
 .init2         0x00000054        0xc c:/users/lenovo.sxm10/desktop/amit/sdk_win_64/sdk_win_64/winavr/bin/../lib/gcc/avr/4.3.3/../../../../avr/lib/avr5/crtm32.o
 *(.init2)
 *(.init3)
 *(.init3)
 *(.init4)
 .init4         0x00000060       0x10 c:/users/lenovo.sxm10/desktop/amit/sdk_win_64/sdk_win_64/winavr/bin/../lib/gcc/avr/4.3.3/avr5\libgcc.a(_clear_bss.o)
                0x00000060                __do_clear_bss
 .init4         0x00000070       0x16 c:/users/lenovo.sxm10/desktop/amit/sdk_win_64/sdk_win_64/winavr/bin/../lib/gcc/avr/4.3.3/avr5\libgcc.a(_copy_data.o)
                0x00000070                __do_copy_data
 *(.init4)
 *(.init5)
 *(.init5)
 *(.init6)
 *(.init6)
 *(.init7)
 *(.init7)
 *(.init8)
 *(.init8)
 *(.init9)
 .init9         0x00000086        0x8 c:/users/lenovo.sxm10/desktop/amit/sdk_win_64/sdk_win_64/winavr/bin/../lib/gcc/avr/4.3.3/../../../../avr/lib/avr5/crtm32.o
 *(.init9)
 *(.text)
 .text          0x0000008e        0x4 c:/users/lenovo.sxm10/desktop/amit/sdk_win_64/sdk_win_64/winavr/bin/../lib/gcc/avr/4.3.3/../../../../avr/lib/avr5/crtm32.o
                0x0000008e                __vector_12
                0x0000008e                __bad_interrupt
                0x0000008e                __vector_6
                0x0000008e                __vector_11
                0x0000008e                __vector_13
                0x0000008e                __vector_17
                0x0000008e                __vector_19
                0x0000008e                __vector_7
                0x0000008e                __vector_4
                0x0000008e                __vector_9
                0x0000008e                __vector_15
                0x0000008e                __vector_8
                0x0000008e                __vector_14
                0x0000008e                __vector_16
                0x0000008e                __vector_18
                0x0000008e                __vector_20
 .text          0x00000092        0x0 ./MCAL/WDT/WDT_Prog.o
 .text          0x00000092        0x0 ./MCAL/UART/UART_Prog.o
 .text          0x00000092        0x0 ./MCAL/Timer/Timer_Prog.o
 .text          0x00000092        0x0 ./MCAL/SPI/SPI_Prog.o
 .text          0x00000092        0x0 ./MCAL/I2C/I2C_Prog.o
 .text          0x00000092        0x0 ./MCAL/GIE/GIE_Prog.o
 .text          0x00000092        0x0 ./MCAL/EXT_INT/EXT_INT_Prog.o
 .text          0x00000092        0x0 ./MCAL/DIO/DIO_Prog.o
 .text          0x00000092        0x0 ./MCAL/ADC/ADC_Prog.o
 .text          0x00000092        0x0 ./HAL/SSD/SSD_Prog.o
 .text          0x00000092        0x0 ./HAL/PB/PB_Prog.o
 .text          0x00000092        0x0 ./HAL/LM35/LM35_Prog.o
 .text          0x00000092        0x0 ./HAL/LED/LED_Prog.o
 .text          0x00000092        0x0 ./HAL/LCD/LCD_Prog.o
 .text          0x00000092        0x0 ./HAL/HeatingElement/HeatingElement_Prog.o
 .text          0x00000092        0x0 ./HAL/Fan/Fan_Prog.o
 .text          0x00000092        0x0 ./HAL/DCMotor/DCMotor_Prog.o
 .text          0x00000092        0x0 ./HAL/AT24C16A/AT24C16A_Prog.o
 .text          0x00000092        0x0 ./APP/Projects/Projects.o
 .text          0x00000092        0x0 ./APP/main.o
 .text          0x00000092        0x0 c:/users/lenovo.sxm10/desktop/amit/sdk_win_64/sdk_win_64/winavr/bin/../lib/gcc/avr/4.3.3/avr5\libgcc.a(_mulsi3.o)
 .text          0x00000092        0x0 c:/users/lenovo.sxm10/desktop/amit/sdk_win_64/sdk_win_64/winavr/bin/../lib/gcc/avr/4.3.3/avr5\libgcc.a(_udivmodqi4.o)
 .text          0x00000092        0x0 c:/users/lenovo.sxm10/desktop/amit/sdk_win_64/sdk_win_64/winavr/bin/../lib/gcc/avr/4.3.3/avr5\libgcc.a(_udivmodsi4.o)
 .text          0x00000092        0x0 c:/users/lenovo.sxm10/desktop/amit/sdk_win_64/sdk_win_64/winavr/bin/../lib/gcc/avr/4.3.3/avr5\libgcc.a(_divmodsi4.o)
 .text          0x00000092        0x0 c:/users/lenovo.sxm10/desktop/amit/sdk_win_64/sdk_win_64/winavr/bin/../lib/gcc/avr/4.3.3/avr5\libgcc.a(_exit.o)
 .text          0x00000092        0x0 c:/users/lenovo.sxm10/desktop/amit/sdk_win_64/sdk_win_64/winavr/bin/../lib/gcc/avr/4.3.3/avr5\libgcc.a(_clear_bss.o)
 .text          0x00000092       0x58 c:/users/lenovo.sxm10/desktop/amit/sdk_win_64/sdk_win_64/winavr/bin/../lib/gcc/avr/4.3.3/avr5\libgcc.a(_fixunssfsi.o)
                0x00000092                __fixunssfsi
 .text          0x000000ea      0x354 c:/users/lenovo.sxm10/desktop/amit/sdk_win_64/sdk_win_64/winavr/bin/../lib/gcc/avr/4.3.3/avr5\libgcc.a(_addsub_sf.o)
                0x00000382                __subsf3
                0x000003e4                __addsf3
 .text          0x0000043e      0x1f4 c:/users/lenovo.sxm10/desktop/amit/sdk_win_64/sdk_win_64/winavr/bin/../lib/gcc/avr/4.3.3/avr5\libgcc.a(_mul_sf.o)
                0x0000043e                __mulsf3
 .text          0x00000632      0x158 c:/users/lenovo.sxm10/desktop/amit/sdk_win_64/sdk_win_64/winavr/bin/../lib/gcc/avr/4.3.3/avr5\libgcc.a(_div_sf.o)
                0x00000632                __divsf3
 .text          0x0000078a       0x60 c:/users/lenovo.sxm10/desktop/amit/sdk_win_64/sdk_win_64/winavr/bin/../lib/gcc/avr/4.3.3/avr5\libgcc.a(_eq_sf.o)
                0x0000078a                __eqsf2
 .text          0x000007ea       0x60 c:/users/lenovo.sxm10/desktop/amit/sdk_win_64/sdk_win_64/winavr/bin/../lib/gcc/avr/4.3.3/avr5\libgcc.a(_ge_sf.o)
                0x000007ea                __gesf2
 .text          0x0000084a       0xa8 c:/users/lenovo.sxm10/desktop/amit/sdk_win_64/sdk_win_64/winavr/bin/../lib/gcc/avr/4.3.3/avr5\libgcc.a(_sf_to_si.o)
                0x0000084a                __fixsfsi
 .text          0x000008f2        0x0 c:/users/lenovo.sxm10/desktop/amit/sdk_win_64/sdk_win_64/winavr/bin/../lib/gcc/avr/4.3.3/avr5\libgcc.a(_thenan_sf.o)
 .text          0x000008f2       0xf2 c:/users/lenovo.sxm10/desktop/amit/sdk_win_64/sdk_win_64/winavr/bin/../lib/gcc/avr/4.3.3/avr5\libgcc.a(_usi_to_sf.o)
                0x000008f2                __floatunsisf
 .text          0x000009e4        0x0 c:/users/lenovo.sxm10/desktop/amit/sdk_win_64/sdk_win_64/winavr/bin/../lib/gcc/avr/4.3.3/avr5\libgcc.a(_prologue.o)
 .text          0x000009e4        0x0 c:/users/lenovo.sxm10/desktop/amit/sdk_win_64/sdk_win_64/winavr/bin/../lib/gcc/avr/4.3.3/avr5\libgcc.a(_epilogue.o)
 .text          0x000009e4        0x0 c:/users/lenovo.sxm10/desktop/amit/sdk_win_64/sdk_win_64/winavr/bin/../lib/gcc/avr/4.3.3/avr5\libgcc.a(_copy_data.o)
 .text          0x000009e4       0x9e c:/users/lenovo.sxm10/desktop/amit/sdk_win_64/sdk_win_64/winavr/bin/../lib/gcc/avr/4.3.3/avr5\libgcc.a(_clzsi2.o)
                0x000009e4                __clzsi2
 .text          0x00000a82      0x1aa c:/users/lenovo.sxm10/desktop/amit/sdk_win_64/sdk_win_64/winavr/bin/../lib/gcc/avr/4.3.3/avr5\libgcc.a(_pack_sf.o)
                0x00000a82                __pack_f
 .text          0x00000c2c       0xf0 c:/users/lenovo.sxm10/desktop/amit/sdk_win_64/sdk_win_64/winavr/bin/../lib/gcc/avr/4.3.3/avr5\libgcc.a(_unpack_sf.o)
                0x00000c2c                __unpack_f
 .text          0x00000d1c       0xb2 c:/users/lenovo.sxm10/desktop/amit/sdk_win_64/sdk_win_64/winavr/bin/../lib/gcc/avr/4.3.3/avr5\libgcc.a(_fpcmp_parts_sf.o)
                0x00000d1c                __fpcmp_parts_f
 .text          0x00000dce        0x0 c:/users/lenovo.sxm10/desktop/amit/sdk_win_64/sdk_win_64/winavr/bin/../lib/gcc/avr/4.3.3/avr5\libgcc.a(_clz.o)
                0x00000dce                . = ALIGN (0x2)
 *(.text.*)
 .text.M_WDT_Void_WDTInit
                0x00000dce       0x1e ./MCAL/WDT/WDT_Prog.o
                0x00000dce                M_WDT_Void_WDTInit
 .text.M_WDT_Void_WDTRefresh
                0x00000dec        0x4 ./MCAL/WDT/WDT_Prog.o
                0x00000dec                M_WDT_Void_WDTRefresh
 .text.M_UART_Void_UARTSend
                0x00000df0       0x2e ./MCAL/UART/UART_Prog.o
                0x00000df0                M_UART_Void_UARTSend
 .text.M_UART_Void_UARTRec
                0x00000e1e       0x2e ./MCAL/UART/UART_Prog.o
                0x00000e1e                M_UART_Void_UARTRec
 .text.M_UART_Void_UARTInit
                0x00000e4c       0x30 ./MCAL/UART/UART_Prog.o
                0x00000e4c                M_UART_Void_UARTInit
 .text.M_Timer_Void_TimerInit
                0x00000e7c       0x42 ./MCAL/Timer/Timer_Prog.o
                0x00000e7c                M_Timer_Void_TimerInit
 .text.M_Timer_Void_TimerSetTime
                0x00000ebe      0x110 ./MCAL/Timer/Timer_Prog.o
                0x00000ebe                M_Timer_Void_TimerSetTime
 .text.M_Timer_Void_TimerStart
                0x00000fce       0x56 ./MCAL/Timer/Timer_Prog.o
                0x00000fce                M_Timer_Void_TimerStart
 .text.M_Timer_Void_TimerStop
                0x00001024       0x58 ./MCAL/Timer/Timer_Prog.o
                0x00001024                M_Timer_Void_TimerStop
 .text.M_Timer_Void_PWMSetDutyCycle
                0x0000107c       0x9e ./MCAL/Timer/Timer_Prog.o
                0x0000107c                M_Timer_Void_PWMSetDutyCycle
 .text.M_Timer_Void_PWMSetFreaquancy
                0x0000111a       0x1a ./MCAL/Timer/Timer_Prog.o
                0x0000111a                M_Timer_Void_PWMSetFreaquancy
 .text.M_Timer_Void_PWMStart
                0x00001134        0x6 ./MCAL/Timer/Timer_Prog.o
                0x00001134                M_Timer_Void_PWMStart
 .text.M_Timer_Void_PWMStop
                0x0000113a        0x6 ./MCAL/Timer/Timer_Prog.o
                0x0000113a                M_Timer_Void_PWMStop
 .text.M_Timer_Void_SetCallBack
                0x00001140       0x2c ./MCAL/Timer/Timer_Prog.o
                0x00001140                M_Timer_Void_SetCallBack
 .text.__vector_10
                0x0000116c       0x9e ./MCAL/Timer/Timer_Prog.o
                0x0000116c                __vector_10
 .text.__vector_5
                0x0000120a       0xa6 ./MCAL/Timer/Timer_Prog.o
                0x0000120a                __vector_5
 .text.M_Timer_Void_PWMInit
                0x000012b0       0x66 ./MCAL/Timer/Timer_Prog.o
                0x000012b0                M_Timer_Void_PWMInit
 .text.M_SPI_U8_SPITransive
                0x00001316       0x30 ./MCAL/SPI/SPI_Prog.o
                0x00001316                M_SPI_U8_SPITransive
 .text.M_SPI_Void_SPIInit
                0x00001346       0x44 ./MCAL/SPI/SPI_Prog.o
                0x00001346                M_SPI_Void_SPIInit
 .text.M_I2C_Void_I2CInit
                0x0000138a       0x10 ./MCAL/I2C/I2C_Prog.o
                0x0000138a                M_I2C_Void_I2CInit
 .text.M_I2C_Void_I2CStartCondition
                0x0000139a       0x24 ./MCAL/I2C/I2C_Prog.o
                0x0000139a                M_I2C_Void_I2CStartCondition
 .text.M_I2C_Void_I2CStopCondition
                0x000013be       0x12 ./MCAL/I2C/I2C_Prog.o
                0x000013be                M_I2C_Void_I2CStopCondition
 .text.M_I2C_Void_I2CRepeatedStart
                0x000013d0       0x24 ./MCAL/I2C/I2C_Prog.o
                0x000013d0                M_I2C_Void_I2CRepeatedStart
 .text.M_I2C_Void_I2CSendSlaveAddressRead
                0x000013f4       0x2a ./MCAL/I2C/I2C_Prog.o
                0x000013f4                M_I2C_Void_I2CSendSlaveAddressRead
 .text.M_I2C_Void_I2CSendByte
                0x0000141e       0x26 ./MCAL/I2C/I2C_Prog.o
                0x0000141e                M_I2C_Void_I2CSendByte
 .text.M_I2C_Void_I2CReadByte
                0x00001444       0x2c ./MCAL/I2C/I2C_Prog.o
                0x00001444                M_I2C_Void_I2CReadByte
 .text.M_I2C_Void_I2CSendSlaveAddressWrite
                0x00001470       0x28 ./MCAL/I2C/I2C_Prog.o
                0x00001470                M_I2C_Void_I2CSendSlaveAddressWrite
 .text.M_GIE_Void_GlobalInterruptEnable
                0x00001498        0xc ./MCAL/GIE/GIE_Prog.o
                0x00001498                M_GIE_Void_GlobalInterruptEnable
 .text.M_GIE_Void_GlobalInterruptDisable
                0x000014a4        0xc ./MCAL/GIE/GIE_Prog.o
                0x000014a4                M_GIE_Void_GlobalInterruptDisable
 .text.M_EXT_INT_Void_ExtIntInit
                0x000014b0       0x5c ./MCAL/EXT_INT/EXT_INT_Prog.o
                0x000014b0                M_EXT_INT_Void_ExtIntInit
 .text.M_EXT_INT_Void_SetCallBack
                0x0000150c       0x1e ./MCAL/EXT_INT/EXT_INT_Prog.o
                0x0000150c                M_EXT_INT_Void_SetCallBack
 .text.__vector_1
                0x0000152a       0x4e ./MCAL/EXT_INT/EXT_INT_Prog.o
                0x0000152a                __vector_1
 .text.__vector_2
                0x00001578       0x4e ./MCAL/EXT_INT/EXT_INT_Prog.o
                0x00001578                __vector_2
 .text.__vector_3
                0x000015c6       0x14 ./MCAL/EXT_INT/EXT_INT_Prog.o
                0x000015c6                __vector_3
 .text.M_DIO_Void_SetPinDirection
                0x000015da      0x12a ./MCAL/DIO/DIO_Prog.o
                0x000015da                M_DIO_Void_SetPinDirection
 .text.M_DIO_Void_SetPinValue
                0x00001704      0x12a ./MCAL/DIO/DIO_Prog.o
                0x00001704                M_DIO_Void_SetPinValue
 .text.M_DIO_Void_TogPin
                0x0000182e       0x90 ./MCAL/DIO/DIO_Prog.o
                0x0000182e                M_DIO_Void_TogPin
 .text.M_DIO_U8_GetPinValue
                0x000018be       0x72 ./MCAL/DIO/DIO_Prog.o
                0x000018be                M_DIO_U8_GetPinValue
 .text.M_DIO_Void_SetPinPullUpRes
                0x00001930      0x12a ./MCAL/DIO/DIO_Prog.o
                0x00001930                M_DIO_Void_SetPinPullUpRes
 .text.M_ADC_Void_ADCInit
                0x00001a5a       0x3a ./MCAL/ADC/ADC_Prog.o
                0x00001a5a                M_ADC_Void_ADCInit
 .text.M_ADC_U16_ADCRead
                0x00001a94       0xdc ./MCAL/ADC/ADC_Prog.o
                0x00001a94                M_ADC_U16_ADCRead
 .text.H_SSD_Void_SSDWriteNumber
                0x00001b70      0x342 ./HAL/SSD/SSD_Prog.o
                0x00001b70                H_SSD_Void_SSDWriteNumber
 .text.H_SSD_Void_SSDBlink
                0x00001eb2       0x26 ./HAL/SSD/SSD_Prog.o
                0x00001eb2                H_SSD_Void_SSDBlink
 .text.H_SSD_Void_SSDInit
                0x00001ed8       0x52 ./HAL/SSD/SSD_Prog.o
                0x00001ed8                H_SSD_Void_SSDInit
 .text.H_PB_U8_PBRead
                0x00001f2a       0xb8 ./HAL/PB/PB_Prog.o
                0x00001f2a                H_PB_U8_PBRead
 .text.H_PB_Void_PBInit
                0x00001fe2       0x2c ./HAL/PB/PB_Prog.o
                0x00001fe2                H_PB_Void_PBInit
 .text.H_LM35_Void_LM35Read
                0x0000200e       0x2c ./HAL/LM35/LM35_Prog.o
                0x0000200e                H_LM35_Void_LM35Read
 .text.H_LM35_Void_LM35Init
                0x0000203a        0x6 ./HAL/LM35/LM35_Prog.o
                0x0000203a                H_LM35_Void_LM35Init
 .text.H_LED_Void_LedTog
                0x00002040       0x26 ./HAL/LED/LED_Prog.o
                0x00002040                H_LED_Void_LedTog
 .text.H_LED_Void_LedSetOff
                0x00002066       0x2c ./HAL/LED/LED_Prog.o
                0x00002066                H_LED_Void_LedSetOff
 .text.H_LED_Void_LedSetOn
                0x00002092       0x3a ./HAL/LED/LED_Prog.o
                0x00002092                H_LED_Void_LedSetOn
 .text.H_LED_Void_LedInit
                0x000020cc       0x3a ./HAL/LED/LED_Prog.o
                0x000020cc                H_LED_Void_LedInit
 .text.H_LCD_Void_SetLCDPins
                0x00002106       0x3c ./HAL/LCD/LCD_Prog.o
 .text.H_LCD_Void_LCDWriteCommand
                0x00002142       0x64 ./HAL/LCD/LCD_Prog.o
                0x00002142                H_LCD_Void_LCDWriteCommand
 .text.H_LCD_Void_LCDClear
                0x000021a6        0x8 ./HAL/LCD/LCD_Prog.o
                0x000021a6                H_LCD_Void_LCDClear
 .text.H_LCD_Void_LCDGoTo
                0x000021ae       0x2a ./HAL/LCD/LCD_Prog.o
                0x000021ae                H_LCD_Void_LCDGoTo
 .text.H_LCD_Void_LCDWriteCharacter
                0x000021d8       0x64 ./HAL/LCD/LCD_Prog.o
                0x000021d8                H_LCD_Void_LCDWriteCharacter
 .text.H_LCD_Void_LCDWriteNumber
                0x0000223c       0xe0 ./HAL/LCD/LCD_Prog.o
                0x0000223c                H_LCD_Void_LCDWriteNumber
 .text.H_LCD_Void_LCDWriteString
                0x0000231c       0x2a ./HAL/LCD/LCD_Prog.o
                0x0000231c                H_LCD_Void_LCDWriteString
 .text.H_LCD_Void_LCDInit
                0x00002346       0x66 ./HAL/LCD/LCD_Prog.o
                0x00002346                H_LCD_Void_LCDInit
 .text.H_HeatingElement_U8_HeatingElementBlink
                0x000023ac        0x8 ./HAL/HeatingElement/HeatingElement_Prog.o
                0x000023ac                H_HeatingElement_U8_HeatingElementBlink
 .text.H_HeatingElement_U8_HeatingElementRead
                0x000023b4        0x8 ./HAL/HeatingElement/HeatingElement_Prog.o
                0x000023b4                H_HeatingElement_U8_HeatingElementRead
 .text.H_HeatingElement_Void_HeatingElementStop
                0x000023bc        0xa ./HAL/HeatingElement/HeatingElement_Prog.o
                0x000023bc                H_HeatingElement_Void_HeatingElementStop
 .text.H_HeatingElement_Void_HeatingElementStart
                0x000023c6        0xa ./HAL/HeatingElement/HeatingElement_Prog.o
                0x000023c6                H_HeatingElement_Void_HeatingElementStart
 .text.H_HeatingElement_Void_HeatingElementInit
                0x000023d0        0xa ./HAL/HeatingElement/HeatingElement_Prog.o
                0x000023d0                H_HeatingElement_Void_HeatingElementInit
 .text.H_Fan_U8_FanRead
                0x000023da        0x8 ./HAL/Fan/Fan_Prog.o
                0x000023da                H_Fan_U8_FanRead
 .text.H_Fan_Void_FanSetOff
                0x000023e2        0xa ./HAL/Fan/Fan_Prog.o
                0x000023e2                H_Fan_Void_FanSetOff
 .text.H_Fan_Void_FanSetOn
                0x000023ec        0xa ./HAL/Fan/Fan_Prog.o
                0x000023ec                H_Fan_Void_FanSetOn
 .text.H_Fan_Void_FanInit
                0x000023f6        0xa ./HAL/Fan/Fan_Prog.o
                0x000023f6                H_Fan_Void_FanInit
 .text.H_DCMotor_Void_DCMotorStop
                0x00002400        0x8 ./HAL/DCMotor/DCMotor_Prog.o
                0x00002400                H_DCMotor_Void_DCMotorStop
 .text.H_DCMotor_Void_DCMotorStart
                0x00002408        0x8 ./HAL/DCMotor/DCMotor_Prog.o
                0x00002408                H_DCMotor_Void_DCMotorStart
 .text.H_DCMotor_Void_DCMotorSetDirection
                0x00002410       0x2e ./HAL/DCMotor/DCMotor_Prog.o
                0x00002410                H_DCMotor_Void_DCMotorSetDirection
 .text.H_DCMotor_Void_DCMotorSetSpeed
                0x0000243e       0x10 ./HAL/DCMotor/DCMotor_Prog.o
                0x0000243e                H_DCMotor_Void_DCMotorSetSpeed
 .text.H_DCMotor_Void_DCMotorInit
                0x0000244e       0x18 ./HAL/DCMotor/DCMotor_Prog.o
                0x0000244e                H_DCMotor_Void_DCMotorInit
 .text.H_AT24C16A_Void_EEPROMRead
                0x00002466       0x3c ./HAL/AT24C16A/AT24C16A_Prog.o
                0x00002466                H_AT24C16A_Void_EEPROMRead
 .text.H_AT24C16A_Void_EEPROMWrite
                0x000024a2       0x30 ./HAL/AT24C16A/AT24C16A_Prog.o
                0x000024a2                H_AT24C16A_Void_EEPROMWrite
 .text.H_AT24C16A_Void_EEPROMInit
                0x000024d2       0x1a ./HAL/AT24C16A/AT24C16A_Prog.o
                0x000024d2                H_AT24C16A_Void_EEPROMInit
 .text.A_EEPROM_Project
                0x000024ec       0x6a ./APP/Projects/Projects.o
                0x000024ec                A_EEPROM_Project
 .text.A_HC05Project
                0x00002556       0x1c ./APP/Projects/Projects.o
                0x00002556                A_HC05Project
 .text.A_SSDProject
                0x00002572       0x38 ./APP/Projects/Projects.o
                0x00002572                A_SSDProject
 .text.A_Timer2_Execution
                0x000025aa       0x16 ./APP/main.o
                0x000025aa                A_Timer2_Execution
 .text.A_Get_Average_Last_10_Readings
                0x000025c0       0x3a ./APP/main.o
                0x000025c0                A_Get_Average_Last_10_Readings
 .text.A_Timer0_Execution
                0x000025fa       0x74 ./APP/main.o
                0x000025fa                A_Timer0_Execution
 .text.A_EXT_INT0_Execution
                0x0000266e       0x2e ./APP/main.o
                0x0000266e                A_EXT_INT0_Execution
 .text.A_EXT_INT1_Execution
                0x0000269c       0x2e ./APP/main.o
                0x0000269c                A_EXT_INT1_Execution
 .text.main     0x000026ca      0x146 ./APP/main.o
                0x000026ca                main
 .text.libgcc   0x00002810       0x3e c:/users/lenovo.sxm10/desktop/amit/sdk_win_64/sdk_win_64/winavr/bin/../lib/gcc/avr/4.3.3/avr5\libgcc.a(_mulsi3.o)
                0x00002810                __mulsi3
 .text.libgcc   0x0000284e       0x18 c:/users/lenovo.sxm10/desktop/amit/sdk_win_64/sdk_win_64/winavr/bin/../lib/gcc/avr/4.3.3/avr5\libgcc.a(_udivmodqi4.o)
                0x0000284e                __udivmodqi4
 .text.libgcc   0x00002866       0x44 c:/users/lenovo.sxm10/desktop/amit/sdk_win_64/sdk_win_64/winavr/bin/../lib/gcc/avr/4.3.3/avr5\libgcc.a(_udivmodsi4.o)
                0x00002866                __udivmodsi4
 .text.libgcc   0x000028aa       0x36 c:/users/lenovo.sxm10/desktop/amit/sdk_win_64/sdk_win_64/winavr/bin/../lib/gcc/avr/4.3.3/avr5\libgcc.a(_divmodsi4.o)
                0x000028aa                __divmodsi4
 .text.libgcc   0x000028e0        0x0 c:/users/lenovo.sxm10/desktop/amit/sdk_win_64/sdk_win_64/winavr/bin/../lib/gcc/avr/4.3.3/avr5\libgcc.a(_exit.o)
 .text.libgcc   0x000028e0        0x0 c:/users/lenovo.sxm10/desktop/amit/sdk_win_64/sdk_win_64/winavr/bin/../lib/gcc/avr/4.3.3/avr5\libgcc.a(_clear_bss.o)
 .text.libgcc   0x000028e0       0x38 c:/users/lenovo.sxm10/desktop/amit/sdk_win_64/sdk_win_64/winavr/bin/../lib/gcc/avr/4.3.3/avr5\libgcc.a(_prologue.o)
                0x000028e0                __prologue_saves__
 .text.libgcc   0x00002918       0x36 c:/users/lenovo.sxm10/desktop/amit/sdk_win_64/sdk_win_64/winavr/bin/../lib/gcc/avr/4.3.3/avr5\libgcc.a(_epilogue.o)
                0x00002918                __epilogue_restores__
 .text.libgcc   0x0000294e        0x0 c:/users/lenovo.sxm10/desktop/amit/sdk_win_64/sdk_win_64/winavr/bin/../lib/gcc/avr/4.3.3/avr5\libgcc.a(_copy_data.o)
                0x0000294e                . = ALIGN (0x2)
 *(.fini9)
 .fini9         0x0000294e        0x0 c:/users/lenovo.sxm10/desktop/amit/sdk_win_64/sdk_win_64/winavr/bin/../lib/gcc/avr/4.3.3/avr5\libgcc.a(_exit.o)
                0x0000294e                exit
                0x0000294e                _exit
 *(.fini9)
 *(.fini8)
 *(.fini8)
 *(.fini7)
 *(.fini7)
 *(.fini6)
 *(.fini6)
 *(.fini5)
 *(.fini5)
 *(.fini4)
 *(.fini4)
 *(.fini3)
 *(.fini3)
 *(.fini2)
 *(.fini2)
 *(.fini1)
 *(.fini1)
 *(.fini0)
 .fini0         0x0000294e        0x4 c:/users/lenovo.sxm10/desktop/amit/sdk_win_64/sdk_win_64/winavr/bin/../lib/gcc/avr/4.3.3/avr5\libgcc.a(_exit.o)
 *(.fini0)
                0x00002952                _etext = .

.data           0x00800060      0x108 load address 0x00002952
                0x00800060                PROVIDE (__data_start, .)
 *(.data)
 .data          0x00800060        0x0 c:/users/lenovo.sxm10/desktop/amit/sdk_win_64/sdk_win_64/winavr/bin/../lib/gcc/avr/4.3.3/../../../../avr/lib/avr5/crtm32.o
 .data          0x00800060        0x0 ./MCAL/WDT/WDT_Prog.o
 .data          0x00800060        0x0 ./MCAL/UART/UART_Prog.o
 .data          0x00800060        0x0 ./MCAL/Timer/Timer_Prog.o
 .data          0x00800060        0x0 ./MCAL/SPI/SPI_Prog.o
 .data          0x00800060        0x0 ./MCAL/I2C/I2C_Prog.o
 .data          0x00800060        0x0 ./MCAL/GIE/GIE_Prog.o
 .data          0x00800060        0x0 ./MCAL/EXT_INT/EXT_INT_Prog.o
 .data          0x00800060        0x0 ./MCAL/DIO/DIO_Prog.o
 .data          0x00800060        0x0 ./MCAL/ADC/ADC_Prog.o
 .data          0x00800060        0x0 ./HAL/SSD/SSD_Prog.o
 .data          0x00800060        0x0 ./HAL/PB/PB_Prog.o
 .data          0x00800060        0x0 ./HAL/LM35/LM35_Prog.o
 .data          0x00800060        0x0 ./HAL/LED/LED_Prog.o
 .data          0x00800060        0x0 ./HAL/LCD/LCD_Prog.o
 .data          0x00800060        0x0 ./HAL/HeatingElement/HeatingElement_Prog.o
 .data          0x00800060        0x0 ./HAL/Fan/Fan_Prog.o
 .data          0x00800060        0x0 ./HAL/DCMotor/DCMotor_Prog.o
 .data          0x00800060        0x0 ./HAL/AT24C16A/AT24C16A_Prog.o
 .data          0x00800060        0x0 ./APP/Projects/Projects.o
 .data          0x00800060        0x0 ./APP/main.o
 .data          0x00800060        0x0 c:/users/lenovo.sxm10/desktop/amit/sdk_win_64/sdk_win_64/winavr/bin/../lib/gcc/avr/4.3.3/avr5\libgcc.a(_mulsi3.o)
 .data          0x00800060        0x0 c:/users/lenovo.sxm10/desktop/amit/sdk_win_64/sdk_win_64/winavr/bin/../lib/gcc/avr/4.3.3/avr5\libgcc.a(_udivmodqi4.o)
 .data          0x00800060        0x0 c:/users/lenovo.sxm10/desktop/amit/sdk_win_64/sdk_win_64/winavr/bin/../lib/gcc/avr/4.3.3/avr5\libgcc.a(_udivmodsi4.o)
 .data          0x00800060        0x0 c:/users/lenovo.sxm10/desktop/amit/sdk_win_64/sdk_win_64/winavr/bin/../lib/gcc/avr/4.3.3/avr5\libgcc.a(_divmodsi4.o)
 .data          0x00800060        0x0 c:/users/lenovo.sxm10/desktop/amit/sdk_win_64/sdk_win_64/winavr/bin/../lib/gcc/avr/4.3.3/avr5\libgcc.a(_exit.o)
 .data          0x00800060        0x0 c:/users/lenovo.sxm10/desktop/amit/sdk_win_64/sdk_win_64/winavr/bin/../lib/gcc/avr/4.3.3/avr5\libgcc.a(_clear_bss.o)
 .data          0x00800060        0x0 c:/users/lenovo.sxm10/desktop/amit/sdk_win_64/sdk_win_64/winavr/bin/../lib/gcc/avr/4.3.3/avr5\libgcc.a(_fixunssfsi.o)
 .data          0x00800060        0x0 c:/users/lenovo.sxm10/desktop/amit/sdk_win_64/sdk_win_64/winavr/bin/../lib/gcc/avr/4.3.3/avr5\libgcc.a(_addsub_sf.o)
 .data          0x00800060        0x0 c:/users/lenovo.sxm10/desktop/amit/sdk_win_64/sdk_win_64/winavr/bin/../lib/gcc/avr/4.3.3/avr5\libgcc.a(_mul_sf.o)
 .data          0x00800060        0x0 c:/users/lenovo.sxm10/desktop/amit/sdk_win_64/sdk_win_64/winavr/bin/../lib/gcc/avr/4.3.3/avr5\libgcc.a(_div_sf.o)
 .data          0x00800060        0x0 c:/users/lenovo.sxm10/desktop/amit/sdk_win_64/sdk_win_64/winavr/bin/../lib/gcc/avr/4.3.3/avr5\libgcc.a(_eq_sf.o)
 .data          0x00800060        0x0 c:/users/lenovo.sxm10/desktop/amit/sdk_win_64/sdk_win_64/winavr/bin/../lib/gcc/avr/4.3.3/avr5\libgcc.a(_ge_sf.o)
 .data          0x00800060        0x0 c:/users/lenovo.sxm10/desktop/amit/sdk_win_64/sdk_win_64/winavr/bin/../lib/gcc/avr/4.3.3/avr5\libgcc.a(_sf_to_si.o)
 .data          0x00800060        0x8 c:/users/lenovo.sxm10/desktop/amit/sdk_win_64/sdk_win_64/winavr/bin/../lib/gcc/avr/4.3.3/avr5\libgcc.a(_thenan_sf.o)
                0x00800060                __thenan_sf
 .data          0x00800068        0x0 c:/users/lenovo.sxm10/desktop/amit/sdk_win_64/sdk_win_64/winavr/bin/../lib/gcc/avr/4.3.3/avr5\libgcc.a(_usi_to_sf.o)
 .data          0x00800068        0x0 c:/users/lenovo.sxm10/desktop/amit/sdk_win_64/sdk_win_64/winavr/bin/../lib/gcc/avr/4.3.3/avr5\libgcc.a(_prologue.o)
 .data          0x00800068        0x0 c:/users/lenovo.sxm10/desktop/amit/sdk_win_64/sdk_win_64/winavr/bin/../lib/gcc/avr/4.3.3/avr5\libgcc.a(_epilogue.o)
 .data          0x00800068        0x0 c:/users/lenovo.sxm10/desktop/amit/sdk_win_64/sdk_win_64/winavr/bin/../lib/gcc/avr/4.3.3/avr5\libgcc.a(_copy_data.o)
 .data          0x00800068        0x0 c:/users/lenovo.sxm10/desktop/amit/sdk_win_64/sdk_win_64/winavr/bin/../lib/gcc/avr/4.3.3/avr5\libgcc.a(_clzsi2.o)
 .data          0x00800068        0x0 c:/users/lenovo.sxm10/desktop/amit/sdk_win_64/sdk_win_64/winavr/bin/../lib/gcc/avr/4.3.3/avr5\libgcc.a(_pack_sf.o)
 .data          0x00800068        0x0 c:/users/lenovo.sxm10/desktop/amit/sdk_win_64/sdk_win_64/winavr/bin/../lib/gcc/avr/4.3.3/avr5\libgcc.a(_unpack_sf.o)
 .data          0x00800068        0x0 c:/users/lenovo.sxm10/desktop/amit/sdk_win_64/sdk_win_64/winavr/bin/../lib/gcc/avr/4.3.3/avr5\libgcc.a(_fpcmp_parts_sf.o)
 .data          0x00800068      0x100 c:/users/lenovo.sxm10/desktop/amit/sdk_win_64/sdk_win_64/winavr/bin/../lib/gcc/avr/4.3.3/avr5\libgcc.a(_clz.o)
                0x00800068                __clz_tab
 *(.data*)
 *(.rodata)
 *(.rodata*)
 *(.gnu.linkonce.d*)
                0x00800168                . = ALIGN (0x2)
                0x00800168                _edata = .
                0x00800168                PROVIDE (__data_end, .)

.bss            0x00800168       0x30
                0x00800168                PROVIDE (__bss_start, .)
 *(.bss)
 .bss           0x00800168        0x0 c:/users/lenovo.sxm10/desktop/amit/sdk_win_64/sdk_win_64/winavr/bin/../lib/gcc/avr/4.3.3/../../../../avr/lib/avr5/crtm32.o
 .bss           0x00800168        0x0 ./MCAL/WDT/WDT_Prog.o
 .bss           0x00800168        0x0 ./MCAL/UART/UART_Prog.o
 .bss           0x00800168        0x0 ./MCAL/Timer/Timer_Prog.o
 .bss           0x00800168        0x0 ./MCAL/SPI/SPI_Prog.o
 .bss           0x00800168        0x0 ./MCAL/I2C/I2C_Prog.o
 .bss           0x00800168        0x0 ./MCAL/GIE/GIE_Prog.o
 .bss           0x00800168        0x0 ./MCAL/EXT_INT/EXT_INT_Prog.o
 .bss           0x00800168        0x0 ./MCAL/DIO/DIO_Prog.o
 .bss           0x00800168        0x0 ./MCAL/ADC/ADC_Prog.o
 .bss           0x00800168        0x0 ./HAL/SSD/SSD_Prog.o
 .bss           0x00800168        0x0 ./HAL/PB/PB_Prog.o
 .bss           0x00800168        0x0 ./HAL/LM35/LM35_Prog.o
 .bss           0x00800168        0x0 ./HAL/LED/LED_Prog.o
 .bss           0x00800168        0x0 ./HAL/LCD/LCD_Prog.o
 .bss           0x00800168        0x0 ./HAL/HeatingElement/HeatingElement_Prog.o
 .bss           0x00800168        0x0 ./HAL/Fan/Fan_Prog.o
 .bss           0x00800168        0x0 ./HAL/DCMotor/DCMotor_Prog.o
 .bss           0x00800168        0x0 ./HAL/AT24C16A/AT24C16A_Prog.o
 .bss           0x00800168        0x0 ./APP/Projects/Projects.o
 .bss           0x00800168        0x0 ./APP/main.o
 .bss           0x00800168        0x0 c:/users/lenovo.sxm10/desktop/amit/sdk_win_64/sdk_win_64/winavr/bin/../lib/gcc/avr/4.3.3/avr5\libgcc.a(_mulsi3.o)
 .bss           0x00800168        0x0 c:/users/lenovo.sxm10/desktop/amit/sdk_win_64/sdk_win_64/winavr/bin/../lib/gcc/avr/4.3.3/avr5\libgcc.a(_udivmodqi4.o)
 .bss           0x00800168        0x0 c:/users/lenovo.sxm10/desktop/amit/sdk_win_64/sdk_win_64/winavr/bin/../lib/gcc/avr/4.3.3/avr5\libgcc.a(_udivmodsi4.o)
 .bss           0x00800168        0x0 c:/users/lenovo.sxm10/desktop/amit/sdk_win_64/sdk_win_64/winavr/bin/../lib/gcc/avr/4.3.3/avr5\libgcc.a(_divmodsi4.o)
 .bss           0x00800168        0x0 c:/users/lenovo.sxm10/desktop/amit/sdk_win_64/sdk_win_64/winavr/bin/../lib/gcc/avr/4.3.3/avr5\libgcc.a(_exit.o)
 .bss           0x00800168        0x0 c:/users/lenovo.sxm10/desktop/amit/sdk_win_64/sdk_win_64/winavr/bin/../lib/gcc/avr/4.3.3/avr5\libgcc.a(_clear_bss.o)
 .bss           0x00800168        0x0 c:/users/lenovo.sxm10/desktop/amit/sdk_win_64/sdk_win_64/winavr/bin/../lib/gcc/avr/4.3.3/avr5\libgcc.a(_fixunssfsi.o)
 .bss           0x00800168        0x0 c:/users/lenovo.sxm10/desktop/amit/sdk_win_64/sdk_win_64/winavr/bin/../lib/gcc/avr/4.3.3/avr5\libgcc.a(_addsub_sf.o)
 .bss           0x00800168        0x0 c:/users/lenovo.sxm10/desktop/amit/sdk_win_64/sdk_win_64/winavr/bin/../lib/gcc/avr/4.3.3/avr5\libgcc.a(_mul_sf.o)
 .bss           0x00800168        0x0 c:/users/lenovo.sxm10/desktop/amit/sdk_win_64/sdk_win_64/winavr/bin/../lib/gcc/avr/4.3.3/avr5\libgcc.a(_div_sf.o)
 .bss           0x00800168        0x0 c:/users/lenovo.sxm10/desktop/amit/sdk_win_64/sdk_win_64/winavr/bin/../lib/gcc/avr/4.3.3/avr5\libgcc.a(_eq_sf.o)
 .bss           0x00800168        0x0 c:/users/lenovo.sxm10/desktop/amit/sdk_win_64/sdk_win_64/winavr/bin/../lib/gcc/avr/4.3.3/avr5\libgcc.a(_ge_sf.o)
 .bss           0x00800168        0x0 c:/users/lenovo.sxm10/desktop/amit/sdk_win_64/sdk_win_64/winavr/bin/../lib/gcc/avr/4.3.3/avr5\libgcc.a(_sf_to_si.o)
 .bss           0x00800168        0x0 c:/users/lenovo.sxm10/desktop/amit/sdk_win_64/sdk_win_64/winavr/bin/../lib/gcc/avr/4.3.3/avr5\libgcc.a(_thenan_sf.o)
 .bss           0x00800168        0x0 c:/users/lenovo.sxm10/desktop/amit/sdk_win_64/sdk_win_64/winavr/bin/../lib/gcc/avr/4.3.3/avr5\libgcc.a(_usi_to_sf.o)
 .bss           0x00800168        0x0 c:/users/lenovo.sxm10/desktop/amit/sdk_win_64/sdk_win_64/winavr/bin/../lib/gcc/avr/4.3.3/avr5\libgcc.a(_prologue.o)
 .bss           0x00800168        0x0 c:/users/lenovo.sxm10/desktop/amit/sdk_win_64/sdk_win_64/winavr/bin/../lib/gcc/avr/4.3.3/avr5\libgcc.a(_epilogue.o)
 .bss           0x00800168        0x0 c:/users/lenovo.sxm10/desktop/amit/sdk_win_64/sdk_win_64/winavr/bin/../lib/gcc/avr/4.3.3/avr5\libgcc.a(_copy_data.o)
 .bss           0x00800168        0x0 c:/users/lenovo.sxm10/desktop/amit/sdk_win_64/sdk_win_64/winavr/bin/../lib/gcc/avr/4.3.3/avr5\libgcc.a(_clzsi2.o)
 .bss           0x00800168        0x0 c:/users/lenovo.sxm10/desktop/amit/sdk_win_64/sdk_win_64/winavr/bin/../lib/gcc/avr/4.3.3/avr5\libgcc.a(_pack_sf.o)
 .bss           0x00800168        0x0 c:/users/lenovo.sxm10/desktop/amit/sdk_win_64/sdk_win_64/winavr/bin/../lib/gcc/avr/4.3.3/avr5\libgcc.a(_unpack_sf.o)
 .bss           0x00800168        0x0 c:/users/lenovo.sxm10/desktop/amit/sdk_win_64/sdk_win_64/winavr/bin/../lib/gcc/avr/4.3.3/avr5\libgcc.a(_fpcmp_parts_sf.o)
 .bss           0x00800168        0x0 c:/users/lenovo.sxm10/desktop/amit/sdk_win_64/sdk_win_64/winavr/bin/../lib/gcc/avr/4.3.3/avr5\libgcc.a(_clz.o)
 *(.bss*)
 .bss.Timer_U32_NumOfOverFlows_Timer_0
                0x00800168        0x4 ./MCAL/Timer/Timer_Prog.o
                0x00800168                Timer_U32_NumOfOverFlows_Timer_0
 .bss.Timer_U32_NumOfOverFlows_Timer_2
                0x0080016c        0x4 ./MCAL/Timer/Timer_Prog.o
                0x0080016c                Timer_U32_NumOfOverFlows_Timer_2
 .bss.Timer_U8_RemTicks
                0x00800170        0x1 ./MCAL/Timer/Timer_Prog.o
                0x00800170                Timer_U8_RemTicks
 .bss.Timer_U32_NumOfCompareMatch
                0x00800171        0x4 ./MCAL/Timer/Timer_Prog.o
                0x00800171                Timer_U32_NumOfCompareMatch
 .bss.Local_U32_Counter.1474
                0x00800175        0x4 ./MCAL/Timer/Timer_Prog.o
 .bss.Local_U32_Counter.1464
                0x00800179        0x4 ./MCAL/Timer/Timer_Prog.o
 .bss.LM35_Reading
                0x0080017d        0x1 ./APP/main.o
                0x0080017d                LM35_Reading
 .bss.Temprature_Array_Counter
                0x0080017e        0x1 ./APP/main.o
                0x0080017e                Temprature_Array_Counter
 .bss.Enter_Temprature_Setting_Mode
                0x0080017f        0x1 ./APP/main.o
                0x0080017f                Enter_Temprature_Setting_Mode
 .bss.Up_Button_Pressed
                0x00800180        0x1 ./APP/main.o
                0x00800180                Up_Button_Pressed
 .bss.Down_Button_Pressed
                0x00800181        0x1 ./APP/main.o
                0x00800181                Down_Button_Pressed
 .bss.Set_Temprature
                0x00800182        0x1 ./APP/main.o
                0x00800182                Set_Temprature
 .bss._1_sec_Counter
                0x00800183        0x1 ./APP/main.o
                0x00800183                _1_sec_Counter
 *(COMMON)
 COMMON         0x00800184        0x6 ./MCAL/Timer/Timer_Prog.o
                0x00800184                Timer2_CallBack
                0x00800186                Timer1_CallBack
                0x00800188                Timer0_CallBack
 COMMON         0x0080018a        0x4 ./MCAL/EXT_INT/EXT_INT_Prog.o
                0x0080018a                EXT_INT1_CallBack
                0x0080018c                EXT_INT0_CallBack
 COMMON         0x0080018e        0xa ./APP/main.o
                0x0080018e                Temprature_Array
                0x00800198                PROVIDE (__bss_end, .)
                0x00002952                __data_load_start = LOADADDR (.data)
                0x00002a5a                __data_load_end = (__data_load_start + SIZEOF (.data))

.noinit         0x00800198        0x0
                0x00800198                PROVIDE (__noinit_start, .)
 *(.noinit*)
                0x00800198                PROVIDE (__noinit_end, .)
                0x00800198                _end = .
                0x00800198                PROVIDE (__heap_start, .)

.eeprom         0x00810000        0x0
 *(.eeprom*)
                0x00810000                __eeprom_end = .

.fuse
 *(.fuse)
 *(.lfuse)
 *(.hfuse)
 *(.efuse)

.lock
 *(.lock*)

.signature
 *(.signature*)

.stab           0x00000000     0x4be4
 *(.stab)
 .stab          0x00000000      0x1f8 ./MCAL/WDT/WDT_Prog.o
 .stab          0x000001f8      0x288 ./MCAL/UART/UART_Prog.o
                                0x300 (size before relaxing)
 .stab          0x00000480      0x99c ./MCAL/Timer/Timer_Prog.o
                                0xa20 (size before relaxing)
 .stab          0x00000e1c      0x204 ./MCAL/SPI/SPI_Prog.o
                                0x27c (size before relaxing)
 .stab          0x00001020      0x3f0 ./MCAL/I2C/I2C_Prog.o
                                0x468 (size before relaxing)
 .stab          0x00001410      0x15c ./MCAL/GIE/GIE_Prog.o
                                0x1d4 (size before relaxing)
 .stab          0x0000156c      0x2c4 ./MCAL/EXT_INT/EXT_INT_Prog.o
                                0x4f8 (size before relaxing)
 .stab          0x00001830      0x528 ./MCAL/DIO/DIO_Prog.o
                                0x5a0 (size before relaxing)
 .stab          0x00001d58      0x30c ./MCAL/ADC/ADC_Prog.o
                                0x384 (size before relaxing)
 .stab          0x00002064      0x69c ./HAL/SSD/SSD_Prog.o
                                0x894 (size before relaxing)
 .stab          0x00002700      0x3f0 ./HAL/PB/PB_Prog.o
                                0x5f4 (size before relaxing)
 .stab          0x00002af0      0x174 ./HAL/LM35/LM35_Prog.o
                                0x1ec (size before relaxing)
 .stab          0x00002c64      0x264 ./HAL/LED/LED_Prog.o
                                0x2dc (size before relaxing)
 .stab          0x00002ec8      0x69c ./HAL/LCD/LCD_Prog.o
                                0x8ac (size before relaxing)
 .stab          0x00003564      0x1ec ./HAL/HeatingElement/HeatingElement_Prog.o
                                0x264 (size before relaxing)
 .stab          0x00003750      0x1c8 ./HAL/Fan/Fan_Prog.o
                                0x24c (size before relaxing)
 .stab          0x00003918      0x2ac ./HAL/DCMotor/DCMotor_Prog.o
                                0x4ec (size before relaxing)
 .stab          0x00003bc4      0x330 ./HAL/AT24C16A/AT24C16A_Prog.o
                                0x540 (size before relaxing)
 .stab          0x00003ef4      0x51c ./APP/Projects/Projects.o
                                0x720 (size before relaxing)
 .stab          0x00004410      0x7d4 ./APP/main.o
                                0xa14 (size before relaxing)

.stabstr        0x00000000     0x1fee
 *(.stabstr)
 .stabstr       0x00000000     0x1fee ./MCAL/WDT/WDT_Prog.o

.stab.excl
 *(.stab.excl)

.stab.exclstr
 *(.stab.exclstr)

.stab.index
 *(.stab.index)

.stab.indexstr
 *(.stab.indexstr)

.comment
 *(.comment)

.debug
 *(.debug)

.line
 *(.line)

.debug_srcinfo
 *(.debug_srcinfo)

.debug_sfnames
 *(.debug_sfnames)

.debug_aranges  0x00000000      0x180
 *(.debug_aranges)
 .debug_aranges
                0x00000000       0x20 c:/users/lenovo.sxm10/desktop/amit/sdk_win_64/sdk_win_64/winavr/bin/../lib/gcc/avr/4.3.3/avr5\libgcc.a(_fixunssfsi.o)
 .debug_aranges
                0x00000020       0x20 c:/users/lenovo.sxm10/desktop/amit/sdk_win_64/sdk_win_64/winavr/bin/../lib/gcc/avr/4.3.3/avr5\libgcc.a(_addsub_sf.o)
 .debug_aranges
                0x00000040       0x20 c:/users/lenovo.sxm10/desktop/amit/sdk_win_64/sdk_win_64/winavr/bin/../lib/gcc/avr/4.3.3/avr5\libgcc.a(_mul_sf.o)
 .debug_aranges
                0x00000060       0x20 c:/users/lenovo.sxm10/desktop/amit/sdk_win_64/sdk_win_64/winavr/bin/../lib/gcc/avr/4.3.3/avr5\libgcc.a(_div_sf.o)
 .debug_aranges
                0x00000080       0x20 c:/users/lenovo.sxm10/desktop/amit/sdk_win_64/sdk_win_64/winavr/bin/../lib/gcc/avr/4.3.3/avr5\libgcc.a(_eq_sf.o)
 .debug_aranges
                0x000000a0       0x20 c:/users/lenovo.sxm10/desktop/amit/sdk_win_64/sdk_win_64/winavr/bin/../lib/gcc/avr/4.3.3/avr5\libgcc.a(_ge_sf.o)
 .debug_aranges
                0x000000c0       0x20 c:/users/lenovo.sxm10/desktop/amit/sdk_win_64/sdk_win_64/winavr/bin/../lib/gcc/avr/4.3.3/avr5\libgcc.a(_sf_to_si.o)
 .debug_aranges
                0x000000e0       0x20 c:/users/lenovo.sxm10/desktop/amit/sdk_win_64/sdk_win_64/winavr/bin/../lib/gcc/avr/4.3.3/avr5\libgcc.a(_usi_to_sf.o)
 .debug_aranges
                0x00000100       0x20 c:/users/lenovo.sxm10/desktop/amit/sdk_win_64/sdk_win_64/winavr/bin/../lib/gcc/avr/4.3.3/avr5\libgcc.a(_clzsi2.o)
 .debug_aranges
                0x00000120       0x20 c:/users/lenovo.sxm10/desktop/amit/sdk_win_64/sdk_win_64/winavr/bin/../lib/gcc/avr/4.3.3/avr5\libgcc.a(_pack_sf.o)
 .debug_aranges
                0x00000140       0x20 c:/users/lenovo.sxm10/desktop/amit/sdk_win_64/sdk_win_64/winavr/bin/../lib/gcc/avr/4.3.3/avr5\libgcc.a(_unpack_sf.o)
 .debug_aranges
                0x00000160       0x20 c:/users/lenovo.sxm10/desktop/amit/sdk_win_64/sdk_win_64/winavr/bin/../lib/gcc/avr/4.3.3/avr5\libgcc.a(_fpcmp_parts_sf.o)

.debug_pubnames
                0x00000000      0x1d4
 *(.debug_pubnames)
 .debug_pubnames
                0x00000000       0x23 c:/users/lenovo.sxm10/desktop/amit/sdk_win_64/sdk_win_64/winavr/bin/../lib/gcc/avr/4.3.3/avr5\libgcc.a(_fixunssfsi.o)
 .debug_pubnames
                0x00000023       0x2c c:/users/lenovo.sxm10/desktop/amit/sdk_win_64/sdk_win_64/winavr/bin/../lib/gcc/avr/4.3.3/avr5\libgcc.a(_addsub_sf.o)
 .debug_pubnames
                0x0000004f       0x1f c:/users/lenovo.sxm10/desktop/amit/sdk_win_64/sdk_win_64/winavr/bin/../lib/gcc/avr/4.3.3/avr5\libgcc.a(_mul_sf.o)
 .debug_pubnames
                0x0000006e       0x1f c:/users/lenovo.sxm10/desktop/amit/sdk_win_64/sdk_win_64/winavr/bin/../lib/gcc/avr/4.3.3/avr5\libgcc.a(_div_sf.o)
 .debug_pubnames
                0x0000008d       0x1e c:/users/lenovo.sxm10/desktop/amit/sdk_win_64/sdk_win_64/winavr/bin/../lib/gcc/avr/4.3.3/avr5\libgcc.a(_eq_sf.o)
 .debug_pubnames
                0x000000ab       0x1e c:/users/lenovo.sxm10/desktop/amit/sdk_win_64/sdk_win_64/winavr/bin/../lib/gcc/avr/4.3.3/avr5\libgcc.a(_ge_sf.o)
 .debug_pubnames
                0x000000c9       0x20 c:/users/lenovo.sxm10/desktop/amit/sdk_win_64/sdk_win_64/winavr/bin/../lib/gcc/avr/4.3.3/avr5\libgcc.a(_sf_to_si.o)
 .debug_pubnames
                0x000000e9       0x22 c:/users/lenovo.sxm10/desktop/amit/sdk_win_64/sdk_win_64/winavr/bin/../lib/gcc/avr/4.3.3/avr5\libgcc.a(_thenan_sf.o)
 .debug_pubnames
                0x0000010b       0x24 c:/users/lenovo.sxm10/desktop/amit/sdk_win_64/sdk_win_64/winavr/bin/../lib/gcc/avr/4.3.3/avr5\libgcc.a(_usi_to_sf.o)
 .debug_pubnames
                0x0000012f       0x1f c:/users/lenovo.sxm10/desktop/amit/sdk_win_64/sdk_win_64/winavr/bin/../lib/gcc/avr/4.3.3/avr5\libgcc.a(_clzsi2.o)
 .debug_pubnames
                0x0000014e       0x1f c:/users/lenovo.sxm10/desktop/amit/sdk_win_64/sdk_win_64/winavr/bin/../lib/gcc/avr/4.3.3/avr5\libgcc.a(_pack_sf.o)
 .debug_pubnames
                0x0000016d       0x21 c:/users/lenovo.sxm10/desktop/amit/sdk_win_64/sdk_win_64/winavr/bin/../lib/gcc/avr/4.3.3/avr5\libgcc.a(_unpack_sf.o)
 .debug_pubnames
                0x0000018e       0x26 c:/users/lenovo.sxm10/desktop/amit/sdk_win_64/sdk_win_64/winavr/bin/../lib/gcc/avr/4.3.3/avr5\libgcc.a(_fpcmp_parts_sf.o)
 .debug_pubnames
                0x000001b4       0x20 c:/users/lenovo.sxm10/desktop/amit/sdk_win_64/sdk_win_64/winavr/bin/../lib/gcc/avr/4.3.3/avr5\libgcc.a(_clz.o)

.debug_info     0x00000000     0x218c
 *(.debug_info)
 .debug_info    0x00000000       0xb1 c:/users/lenovo.sxm10/desktop/amit/sdk_win_64/sdk_win_64/winavr/bin/../lib/gcc/avr/4.3.3/avr5\libgcc.a(_fixunssfsi.o)
 .debug_info    0x000000b1      0x47a c:/users/lenovo.sxm10/desktop/amit/sdk_win_64/sdk_win_64/winavr/bin/../lib/gcc/avr/4.3.3/avr5\libgcc.a(_addsub_sf.o)
 .debug_info    0x0000052b      0x485 c:/users/lenovo.sxm10/desktop/amit/sdk_win_64/sdk_win_64/winavr/bin/../lib/gcc/avr/4.3.3/avr5\libgcc.a(_mul_sf.o)
 .debug_info    0x000009b0      0x3fc c:/users/lenovo.sxm10/desktop/amit/sdk_win_64/sdk_win_64/winavr/bin/../lib/gcc/avr/4.3.3/avr5\libgcc.a(_div_sf.o)
 .debug_info    0x00000dac      0x27f c:/users/lenovo.sxm10/desktop/amit/sdk_win_64/sdk_win_64/winavr/bin/../lib/gcc/avr/4.3.3/avr5\libgcc.a(_eq_sf.o)
 .debug_info    0x0000102b      0x27f c:/users/lenovo.sxm10/desktop/amit/sdk_win_64/sdk_win_64/winavr/bin/../lib/gcc/avr/4.3.3/avr5\libgcc.a(_ge_sf.o)
 .debug_info    0x000012aa      0x2b0 c:/users/lenovo.sxm10/desktop/amit/sdk_win_64/sdk_win_64/winavr/bin/../lib/gcc/avr/4.3.3/avr5\libgcc.a(_sf_to_si.o)
 .debug_info    0x0000155a      0x12c c:/users/lenovo.sxm10/desktop/amit/sdk_win_64/sdk_win_64/winavr/bin/../lib/gcc/avr/4.3.3/avr5\libgcc.a(_thenan_sf.o)
 .debug_info    0x00001686      0x206 c:/users/lenovo.sxm10/desktop/amit/sdk_win_64/sdk_win_64/winavr/bin/../lib/gcc/avr/4.3.3/avr5\libgcc.a(_usi_to_sf.o)
 .debug_info    0x0000188c      0x117 c:/users/lenovo.sxm10/desktop/amit/sdk_win_64/sdk_win_64/winavr/bin/../lib/gcc/avr/4.3.3/avr5\libgcc.a(_clzsi2.o)
 .debug_info    0x000019a3      0x2df c:/users/lenovo.sxm10/desktop/amit/sdk_win_64/sdk_win_64/winavr/bin/../lib/gcc/avr/4.3.3/avr5\libgcc.a(_pack_sf.o)
 .debug_info    0x00001c82      0x251 c:/users/lenovo.sxm10/desktop/amit/sdk_win_64/sdk_win_64/winavr/bin/../lib/gcc/avr/4.3.3/avr5\libgcc.a(_unpack_sf.o)
 .debug_info    0x00001ed3      0x210 c:/users/lenovo.sxm10/desktop/amit/sdk_win_64/sdk_win_64/winavr/bin/../lib/gcc/avr/4.3.3/avr5\libgcc.a(_fpcmp_parts_sf.o)
 .debug_info    0x000020e3       0xa9 c:/users/lenovo.sxm10/desktop/amit/sdk_win_64/sdk_win_64/winavr/bin/../lib/gcc/avr/4.3.3/avr5\libgcc.a(_clz.o)
 *(.gnu.linkonce.wi.*)

.debug_abbrev   0x00000000     0x122c
 *(.debug_abbrev)
 .debug_abbrev  0x00000000       0x5d c:/users/lenovo.sxm10/desktop/amit/sdk_win_64/sdk_win_64/winavr/bin/../lib/gcc/avr/4.3.3/avr5\libgcc.a(_fixunssfsi.o)
 .debug_abbrev  0x0000005d      0x1ea c:/users/lenovo.sxm10/desktop/amit/sdk_win_64/sdk_win_64/winavr/bin/../lib/gcc/avr/4.3.3/avr5\libgcc.a(_addsub_sf.o)
 .debug_abbrev  0x00000247      0x21b c:/users/lenovo.sxm10/desktop/amit/sdk_win_64/sdk_win_64/winavr/bin/../lib/gcc/avr/4.3.3/avr5\libgcc.a(_mul_sf.o)
 .debug_abbrev  0x00000462      0x216 c:/users/lenovo.sxm10/desktop/amit/sdk_win_64/sdk_win_64/winavr/bin/../lib/gcc/avr/4.3.3/avr5\libgcc.a(_div_sf.o)
 .debug_abbrev  0x00000678      0x15a c:/users/lenovo.sxm10/desktop/amit/sdk_win_64/sdk_win_64/winavr/bin/../lib/gcc/avr/4.3.3/avr5\libgcc.a(_eq_sf.o)
 .debug_abbrev  0x000007d2      0x15a c:/users/lenovo.sxm10/desktop/amit/sdk_win_64/sdk_win_64/winavr/bin/../lib/gcc/avr/4.3.3/avr5\libgcc.a(_ge_sf.o)
 .debug_abbrev  0x0000092c      0x17f c:/users/lenovo.sxm10/desktop/amit/sdk_win_64/sdk_win_64/winavr/bin/../lib/gcc/avr/4.3.3/avr5\libgcc.a(_sf_to_si.o)
 .debug_abbrev  0x00000aab       0xad c:/users/lenovo.sxm10/desktop/amit/sdk_win_64/sdk_win_64/winavr/bin/../lib/gcc/avr/4.3.3/avr5\libgcc.a(_thenan_sf.o)
 .debug_abbrev  0x00000b58      0x157 c:/users/lenovo.sxm10/desktop/amit/sdk_win_64/sdk_win_64/winavr/bin/../lib/gcc/avr/4.3.3/avr5\libgcc.a(_usi_to_sf.o)
 .debug_abbrev  0x00000caf       0xc4 c:/users/lenovo.sxm10/desktop/amit/sdk_win_64/sdk_win_64/winavr/bin/../lib/gcc/avr/4.3.3/avr5\libgcc.a(_clzsi2.o)
 .debug_abbrev  0x00000d73      0x1c0 c:/users/lenovo.sxm10/desktop/amit/sdk_win_64/sdk_win_64/winavr/bin/../lib/gcc/avr/4.3.3/avr5\libgcc.a(_pack_sf.o)
 .debug_abbrev  0x00000f33      0x154 c:/users/lenovo.sxm10/desktop/amit/sdk_win_64/sdk_win_64/winavr/bin/../lib/gcc/avr/4.3.3/avr5\libgcc.a(_unpack_sf.o)
 .debug_abbrev  0x00001087      0x13b c:/users/lenovo.sxm10/desktop/amit/sdk_win_64/sdk_win_64/winavr/bin/../lib/gcc/avr/4.3.3/avr5\libgcc.a(_fpcmp_parts_sf.o)
 .debug_abbrev  0x000011c2       0x6a c:/users/lenovo.sxm10/desktop/amit/sdk_win_64/sdk_win_64/winavr/bin/../lib/gcc/avr/4.3.3/avr5\libgcc.a(_clz.o)

.debug_line     0x00000000     0x1103
 *(.debug_line)
 .debug_line    0x00000000       0xa7 c:/users/lenovo.sxm10/desktop/amit/sdk_win_64/sdk_win_64/winavr/bin/../lib/gcc/avr/4.3.3/avr5\libgcc.a(_fixunssfsi.o)
 .debug_line    0x000000a7      0x2af c:/users/lenovo.sxm10/desktop/amit/sdk_win_64/sdk_win_64/winavr/bin/../lib/gcc/avr/4.3.3/avr5\libgcc.a(_addsub_sf.o)
 .debug_line    0x00000356      0x239 c:/users/lenovo.sxm10/desktop/amit/sdk_win_64/sdk_win_64/winavr/bin/../lib/gcc/avr/4.3.3/avr5\libgcc.a(_mul_sf.o)
 .debug_line    0x0000058f      0x1d5 c:/users/lenovo.sxm10/desktop/amit/sdk_win_64/sdk_win_64/winavr/bin/../lib/gcc/avr/4.3.3/avr5\libgcc.a(_div_sf.o)
 .debug_line    0x00000764       0xd3 c:/users/lenovo.sxm10/desktop/amit/sdk_win_64/sdk_win_64/winavr/bin/../lib/gcc/avr/4.3.3/avr5\libgcc.a(_eq_sf.o)
 .debug_line    0x00000837       0xd3 c:/users/lenovo.sxm10/desktop/amit/sdk_win_64/sdk_win_64/winavr/bin/../lib/gcc/avr/4.3.3/avr5\libgcc.a(_ge_sf.o)
 .debug_line    0x0000090a      0x109 c:/users/lenovo.sxm10/desktop/amit/sdk_win_64/sdk_win_64/winavr/bin/../lib/gcc/avr/4.3.3/avr5\libgcc.a(_sf_to_si.o)
 .debug_line    0x00000a13       0x90 c:/users/lenovo.sxm10/desktop/amit/sdk_win_64/sdk_win_64/winavr/bin/../lib/gcc/avr/4.3.3/avr5\libgcc.a(_thenan_sf.o)
 .debug_line    0x00000aa3      0x133 c:/users/lenovo.sxm10/desktop/amit/sdk_win_64/sdk_win_64/winavr/bin/../lib/gcc/avr/4.3.3/avr5\libgcc.a(_usi_to_sf.o)
 .debug_line    0x00000bd6       0xa5 c:/users/lenovo.sxm10/desktop/amit/sdk_win_64/sdk_win_64/winavr/bin/../lib/gcc/avr/4.3.3/avr5\libgcc.a(_clzsi2.o)
 .debug_line    0x00000c7b      0x18a c:/users/lenovo.sxm10/desktop/amit/sdk_win_64/sdk_win_64/winavr/bin/../lib/gcc/avr/4.3.3/avr5\libgcc.a(_pack_sf.o)
 .debug_line    0x00000e05      0x14b c:/users/lenovo.sxm10/desktop/amit/sdk_win_64/sdk_win_64/winavr/bin/../lib/gcc/avr/4.3.3/avr5\libgcc.a(_unpack_sf.o)
 .debug_line    0x00000f50      0x137 c:/users/lenovo.sxm10/desktop/amit/sdk_win_64/sdk_win_64/winavr/bin/../lib/gcc/avr/4.3.3/avr5\libgcc.a(_fpcmp_parts_sf.o)
 .debug_line    0x00001087       0x7c c:/users/lenovo.sxm10/desktop/amit/sdk_win_64/sdk_win_64/winavr/bin/../lib/gcc/avr/4.3.3/avr5\libgcc.a(_clz.o)

.debug_frame    0x00000000      0x1a0
 *(.debug_frame)
 .debug_frame   0x00000000       0x20 c:/users/lenovo.sxm10/desktop/amit/sdk_win_64/sdk_win_64/winavr/bin/../lib/gcc/avr/4.3.3/avr5\libgcc.a(_fixunssfsi.o)
 .debug_frame   0x00000020       0x40 c:/users/lenovo.sxm10/desktop/amit/sdk_win_64/sdk_win_64/winavr/bin/../lib/gcc/avr/4.3.3/avr5\libgcc.a(_addsub_sf.o)
 .debug_frame   0x00000060       0x20 c:/users/lenovo.sxm10/desktop/amit/sdk_win_64/sdk_win_64/winavr/bin/../lib/gcc/avr/4.3.3/avr5\libgcc.a(_mul_sf.o)
 .debug_frame   0x00000080       0x20 c:/users/lenovo.sxm10/desktop/amit/sdk_win_64/sdk_win_64/winavr/bin/../lib/gcc/avr/4.3.3/avr5\libgcc.a(_div_sf.o)
 .debug_frame   0x000000a0       0x20 c:/users/lenovo.sxm10/desktop/amit/sdk_win_64/sdk_win_64/winavr/bin/../lib/gcc/avr/4.3.3/avr5\libgcc.a(_eq_sf.o)
 .debug_frame   0x000000c0       0x20 c:/users/lenovo.sxm10/desktop/amit/sdk_win_64/sdk_win_64/winavr/bin/../lib/gcc/avr/4.3.3/avr5\libgcc.a(_ge_sf.o)
 .debug_frame   0x000000e0       0x20 c:/users/lenovo.sxm10/desktop/amit/sdk_win_64/sdk_win_64/winavr/bin/../lib/gcc/avr/4.3.3/avr5\libgcc.a(_sf_to_si.o)
 .debug_frame   0x00000100       0x20 c:/users/lenovo.sxm10/desktop/amit/sdk_win_64/sdk_win_64/winavr/bin/../lib/gcc/avr/4.3.3/avr5\libgcc.a(_usi_to_sf.o)
 .debug_frame   0x00000120       0x20 c:/users/lenovo.sxm10/desktop/amit/sdk_win_64/sdk_win_64/winavr/bin/../lib/gcc/avr/4.3.3/avr5\libgcc.a(_clzsi2.o)
 .debug_frame   0x00000140       0x20 c:/users/lenovo.sxm10/desktop/amit/sdk_win_64/sdk_win_64/winavr/bin/../lib/gcc/avr/4.3.3/avr5\libgcc.a(_pack_sf.o)
 .debug_frame   0x00000160       0x20 c:/users/lenovo.sxm10/desktop/amit/sdk_win_64/sdk_win_64/winavr/bin/../lib/gcc/avr/4.3.3/avr5\libgcc.a(_unpack_sf.o)
 .debug_frame   0x00000180       0x20 c:/users/lenovo.sxm10/desktop/amit/sdk_win_64/sdk_win_64/winavr/bin/../lib/gcc/avr/4.3.3/avr5\libgcc.a(_fpcmp_parts_sf.o)

.debug_str      0x00000000      0x2ee
 *(.debug_str)
 .debug_str     0x00000000       0xbf c:/users/lenovo.sxm10/desktop/amit/sdk_win_64/sdk_win_64/winavr/bin/../lib/gcc/avr/4.3.3/avr5\libgcc.a(_fixunssfsi.o)
                                 0xfe (size before relaxing)
 .debug_str     0x000000bf      0x14d c:/users/lenovo.sxm10/desktop/amit/sdk_win_64/sdk_win_64/winavr/bin/../lib/gcc/avr/4.3.3/avr5\libgcc.a(_addsub_sf.o)
                                0x206 (size before relaxing)
 .debug_str     0x0000020c       0x27 c:/users/lenovo.sxm10/desktop/amit/sdk_win_64/sdk_win_64/winavr/bin/../lib/gcc/avr/4.3.3/avr5\libgcc.a(_mul_sf.o)
                                0x1bf (size before relaxing)
 .debug_str     0x00000233       0x35 c:/users/lenovo.sxm10/desktop/amit/sdk_win_64/sdk_win_64/winavr/bin/../lib/gcc/avr/4.3.3/avr5\libgcc.a(_div_sf.o)
                                0x1c8 (size before relaxing)
 .debug_str     0x00000268        0x8 c:/users/lenovo.sxm10/desktop/amit/sdk_win_64/sdk_win_64/winavr/bin/../lib/gcc/avr/4.3.3/avr5\libgcc.a(_eq_sf.o)
                                0x195 (size before relaxing)
 .debug_str     0x00000270        0x8 c:/users/lenovo.sxm10/desktop/amit/sdk_win_64/sdk_win_64/winavr/bin/../lib/gcc/avr/4.3.3/avr5\libgcc.a(_ge_sf.o)
                                0x195 (size before relaxing)
 .debug_str     0x00000278        0xa c:/users/lenovo.sxm10/desktop/amit/sdk_win_64/sdk_win_64/winavr/bin/../lib/gcc/avr/4.3.3/avr5\libgcc.a(_sf_to_si.o)
                                0x19e (size before relaxing)
 .debug_str     0x00000000      0x103 c:/users/lenovo.sxm10/desktop/amit/sdk_win_64/sdk_win_64/winavr/bin/../lib/gcc/avr/4.3.3/avr5\libgcc.a(_thenan_sf.o)
 .debug_str     0x00000282       0x21 c:/users/lenovo.sxm10/desktop/amit/sdk_win_64/sdk_win_64/winavr/bin/../lib/gcc/avr/4.3.3/avr5\libgcc.a(_usi_to_sf.o)
                                0x177 (size before relaxing)
 .debug_str     0x000002a3       0x20 c:/users/lenovo.sxm10/desktop/amit/sdk_win_64/sdk_win_64/winavr/bin/../lib/gcc/avr/4.3.3/avr5\libgcc.a(_clzsi2.o)
                                0x111 (size before relaxing)
 .debug_str     0x000002c3       0x10 c:/users/lenovo.sxm10/desktop/amit/sdk_win_64/sdk_win_64/winavr/bin/../lib/gcc/avr/4.3.3/avr5\libgcc.a(_pack_sf.o)
                                0x19d (size before relaxing)
 .debug_str     0x000002d3        0xb c:/users/lenovo.sxm10/desktop/amit/sdk_win_64/sdk_win_64/winavr/bin/../lib/gcc/avr/4.3.3/avr5\libgcc.a(_unpack_sf.o)
                                0x17f (size before relaxing)
 .debug_str     0x000002de       0x10 c:/users/lenovo.sxm10/desktop/amit/sdk_win_64/sdk_win_64/winavr/bin/../lib/gcc/avr/4.3.3/avr5\libgcc.a(_fpcmp_parts_sf.o)
                                0x163 (size before relaxing)
 .debug_str     0x00000000       0xf4 c:/users/lenovo.sxm10/desktop/amit/sdk_win_64/sdk_win_64/winavr/bin/../lib/gcc/avr/4.3.3/avr5\libgcc.a(_clz.o)

.debug_loc      0x00000000      0x932
 *(.debug_loc)
 .debug_loc     0x00000000       0x34 c:/users/lenovo.sxm10/desktop/amit/sdk_win_64/sdk_win_64/winavr/bin/../lib/gcc/avr/4.3.3/avr5\libgcc.a(_fixunssfsi.o)
 .debug_loc     0x00000034      0x32a c:/users/lenovo.sxm10/desktop/amit/sdk_win_64/sdk_win_64/winavr/bin/../lib/gcc/avr/4.3.3/avr5\libgcc.a(_addsub_sf.o)
 .debug_loc     0x0000035e      0x104 c:/users/lenovo.sxm10/desktop/amit/sdk_win_64/sdk_win_64/winavr/bin/../lib/gcc/avr/4.3.3/avr5\libgcc.a(_mul_sf.o)
 .debug_loc     0x00000462       0xc0 c:/users/lenovo.sxm10/desktop/amit/sdk_win_64/sdk_win_64/winavr/bin/../lib/gcc/avr/4.3.3/avr5\libgcc.a(_div_sf.o)
 .debug_loc     0x00000522       0x3c c:/users/lenovo.sxm10/desktop/amit/sdk_win_64/sdk_win_64/winavr/bin/../lib/gcc/avr/4.3.3/avr5\libgcc.a(_eq_sf.o)
 .debug_loc     0x0000055e       0x3c c:/users/lenovo.sxm10/desktop/amit/sdk_win_64/sdk_win_64/winavr/bin/../lib/gcc/avr/4.3.3/avr5\libgcc.a(_ge_sf.o)
 .debug_loc     0x0000059a       0x7e c:/users/lenovo.sxm10/desktop/amit/sdk_win_64/sdk_win_64/winavr/bin/../lib/gcc/avr/4.3.3/avr5\libgcc.a(_sf_to_si.o)
 .debug_loc     0x00000618       0x4c c:/users/lenovo.sxm10/desktop/amit/sdk_win_64/sdk_win_64/winavr/bin/../lib/gcc/avr/4.3.3/avr5\libgcc.a(_usi_to_sf.o)
 .debug_loc     0x00000664       0x94 c:/users/lenovo.sxm10/desktop/amit/sdk_win_64/sdk_win_64/winavr/bin/../lib/gcc/avr/4.3.3/avr5\libgcc.a(_clzsi2.o)
 .debug_loc     0x000006f8      0x13e c:/users/lenovo.sxm10/desktop/amit/sdk_win_64/sdk_win_64/winavr/bin/../lib/gcc/avr/4.3.3/avr5\libgcc.a(_pack_sf.o)
 .debug_loc     0x00000836       0xac c:/users/lenovo.sxm10/desktop/amit/sdk_win_64/sdk_win_64/winavr/bin/../lib/gcc/avr/4.3.3/avr5\libgcc.a(_unpack_sf.o)
 .debug_loc     0x000008e2       0x50 c:/users/lenovo.sxm10/desktop/amit/sdk_win_64/sdk_win_64/winavr/bin/../lib/gcc/avr/4.3.3/avr5\libgcc.a(_fpcmp_parts_sf.o)

.debug_macinfo
 *(.debug_macinfo)
OUTPUT(509_GROUP.elf elf32-avr)
LOAD linker stubs

.debug_ranges   0x00000000       0x50
 .debug_ranges  0x00000000       0x50 c:/users/lenovo.sxm10/desktop/amit/sdk_win_64/sdk_win_64/winavr/bin/../lib/gcc/avr/4.3.3/avr5\libgcc.a(_mul_sf.o)
